// Jest Snapshot v1, https://goo.gl/fbAQLP

exports[`renders the component and matches the snapshot 1`] = `undefined`;
